MATR noise_variance_multiplier 0.25 reproduced {'rank': {'a_trained_ig': (0.482, 'responsive'), 'b_reference': (0.87, 'responsive'), 'c_both': 'responsive'}}
MATR noise_variance_multiplier 0.5 reproduced {'rank': {'a_trained_ig': (0.535, 'responsive'), 'b_reference': (0.88, 'responsive'), 'c_both': 'responsive'}}
MATR noise_variance_multiplier 1 reproduced {'rank': {'a_trained_ig': (0.518, 'responsive'), 'b_reference': (0.799, 'responsive'), 'c_both': 'responsive'}}
MATR noise_variance_multiplier 2 reproduced {'rank': {'a_trained_ig': (0.453, 'responsive'), 'b_reference': (0.725, 'responsive'), 'c_both': 'responsive'}}
MATR noise_variance_multiplier 4 reproduced {'rank': {'a_trained_ig': (0.457, 'responsive'), 'b_reference': (0.661, 'responsive'), 'c_both': 'responsive'}}
MATR noise_variance_multiplier 8 reproduced {'rank': {'a_trained_ig': (0.377, 'responsive'), 'b_reference': (0.609, 'responsive'), 'c_both': 'responsive'}}
MATR noise_variance_multiplier 16 reproduced {'rank': {'a_trained_ig': (0.362, 'responsive'), 'b_reference': (0.583, 'responsive'), 'c_both': 'responsive'}}
MATR transition_sharpness_multiplier 0.25 reproduced {'rank': {'a_trained_ig': (0.247, 'responsive'), 'b_reference': (0.994, 'saturated'), 'c_both': 'saturated'}}
MATR transition_sharpness_multiplier 0.5 reproduced {'rank': {'a_trained_ig': (0.673, 'responsive'), 'b_reference': (0.955, 'saturated'), 'c_both': 'saturated'}}
MATR transition_sharpness_multiplier 1 reproduced {'rank': {'a_trained_ig': (0.487, 'responsive'), 'b_reference': (0.817, 'responsive'), 'c_both': 'responsive'}}
MATR transition_sharpness_multiplier 2 reproduced {'rank': {'a_trained_ig': (0.379, 'responsive'), 'b_reference': (0.531, 'responsive'), 'c_both': 'responsive'}}
MATR transition_sharpness_multiplier 4 reproduced {'rank': {'a_trained_ig': (0.088, 'responsive'), 'b_reference': (0.179, 'responsive'), 'c_both': 'responsive'}}
MATR window_length_L 8 reproduced {'rank': {'a_trained_ig': (0.571, 'responsive'), 'b_reference': (0.839, 'responsive'), 'c_both': 'responsive'}}
MATR window_length_L 16 reproduced {'rank': {'a_trained_ig': (0.438, 'responsive'), 'b_reference': (0.846, 'responsive'), 'c_both': 'responsive'}}
MATR window_length_L 24 reproduced {'rank': {'a_trained_ig': (0.457, 'responsive'), 'b_reference': (0.796, 'responsive'), 'c_both': 'responsive'}}
MATR window_length_L 48 reproduced {'rank': {'a_trained_ig': (0.577, 'responsive'), 'b_reference': (0.816, 'responsive'), 'c_both': 'responsive'}}
MATR window_length_L 96 reproduced {'rank': {'a_trained_ig': (0.497, 'responsive'), 'b_reference': (0.845, 'responsive'), 'c_both': 'responsive'}}
HUST noise_variance_multiplier 0.25 reproduced {'rank': {'a_trained_ig': (0.297, 'responsive'), 'b_reference': (0.946, 'responsive'), 'c_both': 'responsive'}}
HUST noise_variance_multiplier 0.5 reproduced {'rank': {'a_trained_ig': (0.624, 'responsive'), 'b_reference': (0.966, 'saturated'), 'c_both': 'saturated'}}
HUST noise_variance_multiplier 1 reproduced {'rank': {'a_trained_ig': (0.519, 'responsive'), 'b_reference': (0.923, 'responsive'), 'c_both': 'responsive'}}
HUST noise_variance_multiplier 2 reproduced {'rank': {'a_trained_ig': (0.433, 'responsive'), 'b_reference': (0.915, 'responsive'), 'c_both': 'responsive'}}
HUST noise_variance_multiplier 4 reproduced {'rank': {'a_trained_ig': (0.464, 'responsive'), 'b_reference': (0.902, 'responsive'), 'c_both': 'responsive'}}
HUST noise_variance_multiplier 8 reproduced {'rank': {'a_trained_ig': (0.185, 'responsive'), 'b_reference': (0.769, 'responsive'), 'c_both': 'responsive'}}
HUST noise_variance_multiplier 16 reproduced {'rank': {'a_trained_ig': (0.324, 'responsive'), 'b_reference': (0.748, 'responsive'), 'c_both': 'responsive'}}
HUST transition_sharpness_multiplier 0.25 reproduced {'rank': {'a_trained_ig': (0.104, 'responsive'), 'b_reference': (0.998, 'saturated'), 'c_both': 'saturated'}}
HUST transition_sharpness_multiplier 0.5 reproduced {'rank': {'a_trained_ig': (0.391, 'responsive'), 'b_reference': (0.991, 'saturated'), 'c_both': 'saturated'}}
HUST transition_sharpness_multiplier 1 reproduced {'rank': {'a_trained_ig': (0.482, 'responsive'), 'b_reference': (0.918, 'responsive'), 'c_both': 'responsive'}}
HUST transition_sharpness_multiplier 2 reproduced {'rank': {'a_trained_ig': (0.214, 'responsive'), 'b_reference': (0.64, 'responsive'), 'c_both': 'responsive'}}
HUST transition_sharpness_multiplier 4 reproduced {'rank': {'a_trained_ig': (0.16, 'responsive'), 'b_reference': (0.39, 'responsive'), 'c_both': 'responsive'}}
HUST window_length_L 8 reproduced {'rank': {'a_trained_ig': (0.547, 'responsive'), 'b_reference': (0.918, 'responsive'), 'c_both': 'responsive'}}
HUST window_length_L 16 reproduced {'rank': {'a_trained_ig': (0.465, 'responsive'), 'b_reference': (0.935, 'responsive'), 'c_both': 'responsive'}}
HUST window_length_L 24 reproduced {'rank': {'a_trained_ig': (0.494, 'responsive'), 'b_reference': (0.935, 'responsive'), 'c_both': 'responsive'}}
HUST window_length_L 48 reproduced {'rank': {'a_trained_ig': (0.564, 'responsive'), 'b_reference': (0.956, 'saturated'), 'c_both': 'saturated'}}
HUST window_length_L 96 reproduced {'rank': {'a_trained_ig': (0.334, 'responsive'), 'b_reference': (0.937, 'responsive'), 'c_both': 'responsive'}}
NASA_PCoE noise_variance_multiplier 0.25 reproduced {'rank': {'a_trained_ig': (0.241, 'responsive'), 'b_reference': (0.815, 'responsive'), 'c_both': 'responsive'}, 'retrieval': {'a_trained_ig': (0.836, 'responsive'), 'b_reference': (1.0, 'saturated'), 'c_both': 'saturated'}}
NASA_PCoE noise_variance_multiplier 0.5 reproduced {'rank': {'a_trained_ig': (0.293, 'responsive'), 'b_reference': (0.816, 'responsive'), 'c_both': 'responsive'}, 'retrieval': {'a_trained_ig': (0.973, 'saturated'), 'b_reference': (1.0, 'saturated'), 'c_both': 'saturated'}}
NASA_PCoE noise_variance_multiplier 1 reproduced {'rank': {'a_trained_ig': (0.222, 'responsive'), 'b_reference': (0.662, 'responsive'), 'c_both': 'responsive'}, 'retrieval': {'a_trained_ig': (0.997, 'saturated'), 'b_reference': (1.0, 'saturated'), 'c_both': 'saturated'}}
NASA_PCoE noise_variance_multiplier 2 reproduced {'rank': {'a_trained_ig': (0.304, 'responsive'), 'b_reference': (0.647, 'responsive'), 'c_both': 'responsive'}, 'retrieval': {'a_trained_ig': (1.0, 'saturated'), 'b_reference': (1.0, 'saturated'), 'c_both': 'saturated'}}
NASA_PCoE noise_variance_multiplier 4 reproduced {'rank': {'a_trained_ig': (0.427, 'responsive'), 'b_reference': (0.584, 'responsive'), 'c_both': 'responsive'}, 'retrieval': {'a_trained_ig': (0.99, 'saturated'), 'b_reference': (1.0, 'saturated'), 'c_both': 'saturated'}}
NASA_PCoE noise_variance_multiplier 8 reproduced {'rank': {'a_trained_ig': (0.269, 'responsive'), 'b_reference': (0.43, 'responsive'), 'c_both': 'responsive'}, 'retrieval': {'a_trained_ig': (1.0, 'saturated'), 'b_reference': (1.0, 'saturated'), 'c_both': 'saturated'}}
NASA_PCoE noise_variance_multiplier 16 reproduced {'rank': {'a_trained_ig': (0.168, 'responsive'), 'b_reference': (0.352, 'responsive'), 'c_both': 'responsive'}, 'retrieval': {'a_trained_ig': (0.983, 'saturated'), 'b_reference': (1.0, 'saturated'), 'c_both': 'saturated'}}
NASA_PCoE transition_sharpness_multiplier 0.25 reproduced {'rank': {'a_trained_ig': (0.358, 'responsive'), 'b_reference': (0.806, 'responsive'), 'c_both': 'responsive'}, 'retrieval': {'a_trained_ig': (0.969, 'saturated'), 'b_reference': (1.0, 'saturated'), 'c_both': 'saturated'}}
NASA_PCoE transition_sharpness_multiplier 0.5 reproduced {'rank': {'a_trained_ig': (0.605, 'responsive'), 'b_reference': (0.786, 'responsive'), 'c_both': 'responsive'}, 'retrieval': {'a_trained_ig': (0.999, 'saturated'), 'b_reference': (1.0, 'saturated'), 'c_both': 'saturated'}}
NASA_PCoE transition_sharpness_multiplier 1 reproduced {'rank': {'a_trained_ig': (0.184, 'responsive'), 'b_reference': (0.711, 'responsive'), 'c_both': 'responsive'}, 'retrieval': {'a_trained_ig': (1.0, 'saturated'), 'b_reference': (1.0, 'saturated'), 'c_both': 'saturated'}}
NASA_PCoE transition_sharpness_multiplier 2 reproduced {'rank': {'a_trained_ig': (0.22, 'responsive'), 'b_reference': (0.584, 'responsive'), 'c_both': 'responsive'}, 'retrieval': {'a_trained_ig': (0.993, 'saturated'), 'b_reference': (1.0, 'saturated'), 'c_both': 'saturated'}}
NASA_PCoE transition_sharpness_multiplier 4 reproduced {'rank': {'a_trained_ig': (0.229, 'responsive'), 'b_reference': (0.465, 'responsive'), 'c_both': 'responsive'}, 'retrieval': {'a_trained_ig': (0.904, 'responsive'), 'b_reference': (1.0, 'saturated'), 'c_both': 'saturated'}}
NASA_PCoE window_length_L 8 reproduced {'rank': {'a_trained_ig': (0.229, 'responsive'), 'b_reference': (0.577, 'responsive'), 'c_both': 'responsive'}, 'retrieval': {'a_trained_ig': (0.886, 'responsive'), 'b_reference': (1.0, 'saturated'), 'c_both': 'saturated'}}
NASA_PCoE window_length_L 16 reproduced {'rank': {'a_trained_ig': (0.156, 'responsive'), 'b_reference': (0.677, 'responsive'), 'c_both': 'responsive'}, 'retrieval': {'a_trained_ig': (0.997, 'saturated'), 'b_reference': (1.0, 'saturated'), 'c_both': 'saturated'}}
NASA_PCoE window_length_L 24 reproduced {'rank': {'a_trained_ig': (0.259, 'responsive'), 'b_reference': (0.699, 'responsive'), 'c_both': 'responsive'}, 'retrieval': {'a_trained_ig': (0.994, 'saturated'), 'b_reference': (1.0, 'saturated'), 'c_both': 'saturated'}}
NASA_PCoE window_length_L 48 reproduced {'rank': {'a_trained_ig': (0.411, 'responsive'), 'b_reference': (0.717, 'responsive'), 'c_both': 'responsive'}, 'retrieval': {'a_trained_ig': (0.998, 'saturated'), 'b_reference': (1.0, 'saturated'), 'c_both': 'saturated'}}
NASA_PCoE window_length_L 96 reproduced {'rank': {'a_trained_ig': (0.188, 'responsive'), 'b_reference': (0.929, 'responsive'), 'c_both': 'responsive'}, 'retrieval': {'a_trained_ig': (0.958, 'saturated'), 'b_reference': (1.0, 'saturated'), 'c_both': 'saturated'}}
NASA_PCoE pattern_amplitude_multiplier 0.25 reproduced {'rank': {'a_trained_ig': (0.212, 'responsive'), 'b_reference': (0.667, 'responsive'), 'c_both': 'responsive'}, 'retrieval': {'a_trained_ig': (0.995, 'saturated'), 'b_reference': (1.0, 'saturated'), 'c_both': 'saturated'}}
NASA_PCoE pattern_amplitude_multiplier 0.5 reproduced {'rank': {'a_trained_ig': (0.106, 'responsive'), 'b_reference': (0.683, 'responsive'), 'c_both': 'responsive'}, 'retrieval': {'a_trained_ig': (0.998, 'saturated'), 'b_reference': (1.0, 'saturated'), 'c_both': 'saturated'}}
NASA_PCoE pattern_amplitude_multiplier 1 reproduced {'rank': {'a_trained_ig': (0.233, 'responsive'), 'b_reference': (0.733, 'responsive'), 'c_both': 'responsive'}, 'retrieval': {'a_trained_ig': (1.0, 'saturated'), 'b_reference': (1.0, 'saturated'), 'c_both': 'saturated'}}
NASA_PCoE pattern_amplitude_multiplier 2 reproduced {'rank': {'a_trained_ig': (0.232, 'responsive'), 'b_reference': (0.675, 'responsive'), 'c_both': 'responsive'}, 'retrieval': {'a_trained_ig': (0.986, 'saturated'), 'b_reference': (1.0, 'saturated'), 'c_both': 'saturated'}}
NASA_PCoE pattern_amplitude_multiplier 4 reproduced {'rank': {'a_trained_ig': (0.268, 'responsive'), 'b_reference': (0.719, 'responsive'), 'c_both': 'responsive'}, 'retrieval': {'a_trained_ig': (1.0, 'saturated'), 'b_reference': (1.0, 'saturated'), 'c_both': 'saturated'}}
NASA_PCoE pattern_amplitude_multiplier 8 reproduced {'rank': {'a_trained_ig': (0.281, 'responsive'), 'b_reference': (0.694, 'responsive'), 'c_both': 'responsive'}, 'retrieval': {'a_trained_ig': (1.0, 'saturated'), 'b_reference': (1.0, 'saturated'), 'c_both': 'saturated'}}
