/home/mmishchuk/projects/DegradX/src/degradx/models/lstm.py:114: UserWarning: Converting a tensor with requires_grad=True to a scalar may lead to unexpected behavior.
Consider using tensor.detach() first. (Triggered internally at /__w/pytorch/pytorch/torch/csrc/autograd/generated/python_variable_methods.cpp:820.)
  tot += float(loss) * len(idx)
[s7-2] MATR noise_variance_multiplier=0.25: nrmse 0.022 rank IG 0.482 ref 0.869 retrieval IG None
[s7-2] MATR noise_variance_multiplier=0.5: nrmse 0.026 rank IG 0.535 ref 0.880 retrieval IG None
[s7-2] MATR noise_variance_multiplier=1: nrmse 0.037 rank IG 0.518 ref 0.799 retrieval IG None
[s7-2] MATR noise_variance_multiplier=2: nrmse 0.059 rank IG 0.453 ref 0.725 retrieval IG None
[s7-2] MATR noise_variance_multiplier=4: nrmse 0.079 rank IG 0.457 ref 0.661 retrieval IG None
[s7-2] MATR noise_variance_multiplier=8: nrmse 0.103 rank IG 0.377 ref 0.609 retrieval IG None
[s7-2] MATR noise_variance_multiplier=16: nrmse 0.140 rank IG 0.362 ref 0.583 retrieval IG None
[s7-2] MATR transition_sharpness_multiplier=0.25: nrmse 0.079 rank IG 0.246 ref 0.994 retrieval IG None
[s7-2] MATR transition_sharpness_multiplier=0.5: nrmse 0.040 rank IG 0.672 ref 0.955 retrieval IG None
[s7-2] MATR transition_sharpness_multiplier=1: nrmse 0.040 rank IG 0.487 ref 0.817 retrieval IG None
[s7-2] MATR transition_sharpness_multiplier=2: nrmse 0.051 rank IG 0.379 ref 0.531 retrieval IG None
[s7-2] MATR transition_sharpness_multiplier=4: nrmse 0.072 rank IG 0.088 ref 0.179 retrieval IG None
[s7-2] MATR window_length_L=8: nrmse 0.045 rank IG 0.571 ref 0.839 retrieval IG None
[s7-2] MATR window_length_L=16: nrmse 0.046 rank IG 0.438 ref 0.846 retrieval IG None
[s7-2] MATR window_length_L=24: nrmse 0.042 rank IG 0.457 ref 0.795 retrieval IG None
[s7-2] MATR window_length_L=48: nrmse 0.036 rank IG 0.577 ref 0.816 retrieval IG None
[s7-2] MATR window_length_L=96: nrmse 0.040 rank IG 0.497 ref 0.845 retrieval IG None
[s7-2] HUST noise_variance_multiplier=0.25: nrmse 0.009 rank IG 0.299 ref 0.946 retrieval IG None
[s7-2] HUST noise_variance_multiplier=0.5: nrmse 0.009 rank IG 0.624 ref 0.966 retrieval IG None
[s7-2] HUST noise_variance_multiplier=1: nrmse 0.012 rank IG 0.520 ref 0.923 retrieval IG None
[s7-2] HUST noise_variance_multiplier=2: nrmse 0.018 rank IG 0.434 ref 0.915 retrieval IG None
[s7-2] HUST noise_variance_multiplier=4: nrmse 0.024 rank IG 0.465 ref 0.902 retrieval IG None
[s7-2] HUST noise_variance_multiplier=8: nrmse 0.033 rank IG 0.187 ref 0.769 retrieval IG None
[s7-2] HUST noise_variance_multiplier=16: nrmse 0.044 rank IG 0.325 ref 0.748 retrieval IG None
[s7-2] HUST transition_sharpness_multiplier=0.25: nrmse 0.023 rank IG 0.106 ref 0.998 retrieval IG None
[s7-2] HUST transition_sharpness_multiplier=0.5: nrmse 0.015 rank IG 0.392 ref 0.991 retrieval IG None
[s7-2] HUST transition_sharpness_multiplier=1: nrmse 0.014 rank IG 0.484 ref 0.919 retrieval IG None
[s7-2] HUST transition_sharpness_multiplier=2: nrmse 0.018 rank IG 0.216 ref 0.640 retrieval IG None
[s7-2] HUST transition_sharpness_multiplier=4: nrmse 0.018 rank IG 0.161 ref 0.392 retrieval IG None
[s7-2] HUST window_length_L=8: nrmse 0.014 rank IG 0.548 ref 0.918 retrieval IG None
[s7-2] HUST window_length_L=16: nrmse 0.012 rank IG 0.467 ref 0.935 retrieval IG None
[s7-2] HUST window_length_L=24: nrmse 0.014 rank IG 0.495 ref 0.935 retrieval IG None
[s7-2] HUST window_length_L=48: nrmse 0.013 rank IG 0.565 ref 0.956 retrieval IG None
[s7-2] HUST window_length_L=96: nrmse 0.011 rank IG 0.335 ref 0.937 retrieval IG None
[s7-2] NASA_PCoE noise_variance_multiplier=0.25: nrmse 0.096 rank IG 0.241 ref 0.815 retrieval IG 0.8442619740040451
[s7-2] NASA_PCoE noise_variance_multiplier=0.5: nrmse 0.104 rank IG 0.292 ref 0.816 retrieval IG 0.974515128968254
[s7-2] NASA_PCoE noise_variance_multiplier=1: nrmse 0.126 rank IG 0.222 ref 0.662 retrieval IG 0.9969135802469135
[s7-2] NASA_PCoE noise_variance_multiplier=2: nrmse 0.193 rank IG 0.303 ref 0.646 retrieval IG 1.0
[s7-2] NASA_PCoE noise_variance_multiplier=4: nrmse 0.284 rank IG 0.427 ref 0.584 retrieval IG 0.9906696428571428
[s7-2] NASA_PCoE noise_variance_multiplier=8: nrmse 0.334 rank IG 0.269 ref 0.429 retrieval IG 1.0
[s7-2] NASA_PCoE noise_variance_multiplier=16: nrmse 0.361 rank IG 0.167 ref 0.351 retrieval IG 0.9840850340136055
[s7-2] NASA_PCoE transition_sharpness_multiplier=0.25: nrmse 0.203 rank IG 0.357 ref 0.805 retrieval IG 0.9708994708994708
[s7-2] NASA_PCoE transition_sharpness_multiplier=0.5: nrmse 0.149 rank IG 0.605 ref 0.786 retrieval IG 0.999404761904762
[s7-2] NASA_PCoE transition_sharpness_multiplier=1: nrmse 0.146 rank IG 0.183 ref 0.711 retrieval IG 1.0
[s7-2] NASA_PCoE transition_sharpness_multiplier=2: nrmse 0.152 rank IG 0.220 ref 0.583 retrieval IG 0.9933456173456174
[s7-2] NASA_PCoE transition_sharpness_multiplier=4: nrmse 0.181 rank IG 0.229 ref 0.464 retrieval IG 0.9087411033407164
[s7-2] NASA_PCoE window_length_L=8: nrmse 0.218 rank IG 0.228 ref 0.576 retrieval IG 0.8913471986016629
[s7-2] NASA_PCoE window_length_L=16: nrmse 0.152 rank IG 0.155 ref 0.676 retrieval IG 0.9972321428571428
[s7-2] NASA_PCoE window_length_L=24: nrmse 0.143 rank IG 0.258 ref 0.699 retrieval IG 0.9942395833333333
[s7-2] NASA_PCoE window_length_L=48: nrmse 0.135 rank IG 0.410 ref 0.717 retrieval IG 0.9978988868274583
[s7-2] NASA_PCoE window_length_L=96: nrmse 0.095 rank IG 0.188 ref 0.929 retrieval IG 0.9601131984437205
[s7-2] NASA_PCoE pattern_amplitude_multiplier=0.25: nrmse 0.161 rank IG 0.211 ref 0.666 retrieval IG 0.9955659340659341
[s7-2] NASA_PCoE pattern_amplitude_multiplier=0.5: nrmse 0.150 rank IG 0.105 ref 0.683 retrieval IG 0.9983619047619048
[s7-2] NASA_PCoE pattern_amplitude_multiplier=1: nrmse 0.164 rank IG 0.232 ref 0.732 retrieval IG 1.0
[s7-2] NASA_PCoE pattern_amplitude_multiplier=2: nrmse 0.151 rank IG 0.231 ref 0.675 retrieval IG 0.9868868785535452
[s7-2] NASA_PCoE pattern_amplitude_multiplier=4: nrmse 0.143 rank IG 0.267 ref 0.719 retrieval IG 0.9996875000000001
[s7-2] NASA_PCoE pattern_amplitude_multiplier=8: nrmse 0.129 rank IG 0.280 ref 0.694 retrieval IG 1.0
