[PASS] MATR [recency] added_noise: undegraded ground truth at its ceiling (rank agreement 1): expected 1; observed 1.000000
[PASS] MATR [recency] shift_to_start: undegraded ground truth at its ceiling (rank agreement 1): expected 1; observed 1.000000
[PASS] MATR [recency] shift_to_end: undegraded ground truth at its ceiling (rank agreement 1): expected 1; observed 1.000000
[PASS] MATR [recency] smoothing: undegraded ground truth at its ceiling (rank agreement 1): expected 1; observed 1.000000
[PASS] MATR [recency]: fully permuted graded map scores at chance (rank): expected ~ chance -0.001; observed -0.004
[PASS] MATR [recency] permuted_fraction: undegraded ground truth at its ceiling (rank agreement 1): expected 1; observed 1.000000
[PASS] MATR [uniform] added_noise: undegraded ground truth at its ceiling (rank agreement 1): expected 1; observed 1.000000
[PASS] MATR [uniform] shift_to_start: undegraded ground truth at its ceiling (rank agreement 1): expected 1; observed 1.000000
[PASS] MATR [uniform] shift_to_end: undegraded ground truth at its ceiling (rank agreement 1): expected 1; observed 1.000000
[PASS] MATR [uniform] smoothing: undegraded ground truth at its ceiling (rank agreement 1): expected 1; observed 1.000000
[PASS] MATR [uniform]: fully permuted graded map scores at chance (rank): expected ~ chance 0.001; observed 0.002
[PASS] MATR [uniform] permuted_fraction: undegraded ground truth at its ceiling (rank agreement 1): expected 1; observed 1.000000
[PASS] MATR [final_position] added_noise: undegraded ground truth at its ceiling (rank agreement 1): expected 1; observed 1.000000
[PASS] MATR [final_position] shift_to_start: undegraded ground truth at its ceiling (rank agreement 1): expected 1; observed 1.000000
[PASS] MATR [final_position] shift_to_end: undegraded ground truth at its ceiling (rank agreement 1): expected 1; observed 1.000000
[PASS] MATR [final_position] smoothing: undegraded ground truth at its ceiling (rank agreement 1): expected 1; observed 1.000000
[PASS] MATR [final_position]: fully permuted graded map scores at chance (rank): expected ~ chance 0.003; observed -0.001
[PASS] MATR [final_position] permuted_fraction: undegraded ground truth at its ceiling (rank agreement 1): expected 1; observed 1.000000
[PASS] HUST [recency] added_noise: undegraded ground truth at its ceiling (rank agreement 1): expected 1; observed 1.000000
[PASS] HUST [recency] shift_to_start: undegraded ground truth at its ceiling (rank agreement 1): expected 1; observed 1.000000
[PASS] HUST [recency] shift_to_end: undegraded ground truth at its ceiling (rank agreement 1): expected 1; observed 1.000000
[PASS] HUST [recency] smoothing: undegraded ground truth at its ceiling (rank agreement 1): expected 1; observed 1.000000
[PASS] HUST [recency]: fully permuted graded map scores at chance (rank): expected ~ chance 0.002; observed 0.004
[PASS] HUST [recency] permuted_fraction: undegraded ground truth at its ceiling (rank agreement 1): expected 1; observed 1.000000
[PASS] HUST [uniform] added_noise: undegraded ground truth at its ceiling (rank agreement 1): expected 1; observed 1.000000
[PASS] HUST [uniform] shift_to_start: undegraded ground truth at its ceiling (rank agreement 1): expected 1; observed 1.000000
[PASS] HUST [uniform] shift_to_end: undegraded ground truth at its ceiling (rank agreement 1): expected 1; observed 1.000000
[PASS] HUST [uniform] smoothing: undegraded ground truth at its ceiling (rank agreement 1): expected 1; observed 1.000000
[PASS] HUST [uniform]: fully permuted graded map scores at chance (rank): expected ~ chance 0.002; observed 0.004
[PASS] HUST [uniform] permuted_fraction: undegraded ground truth at its ceiling (rank agreement 1): expected 1; observed 1.000000
[PASS] HUST [final_position] added_noise: undegraded ground truth at its ceiling (rank agreement 1): expected 1; observed 1.000000
[PASS] HUST [final_position] shift_to_start: undegraded ground truth at its ceiling (rank agreement 1): expected 1; observed 1.000000
[PASS] HUST [final_position] shift_to_end: undegraded ground truth at its ceiling (rank agreement 1): expected 1; observed 1.000000
[PASS] HUST [final_position] smoothing: undegraded ground truth at its ceiling (rank agreement 1): expected 1; observed 1.000000
[PASS] HUST [final_position]: fully permuted graded map scores at chance (rank): expected ~ chance 0.003; observed 0.005
[PASS] HUST [final_position] permuted_fraction: undegraded ground truth at its ceiling (rank agreement 1): expected 1; observed 1.000000
[PASS] NASA_PCoE [recency] added_noise: undegraded ground truth at its ceiling (rank agreement 1): expected 1; observed 1.000000
[PASS] NASA_PCoE [recency] added_noise: undegraded ground truth at its ceiling (paired retrieval 1): expected 1; observed 1.000000
[PASS] NASA_PCoE [recency] shift_to_start: undegraded ground truth at its ceiling (rank agreement 1): expected 1; observed 1.000000
[PASS] NASA_PCoE [recency] shift_to_start: undegraded ground truth at its ceiling (paired retrieval 1): expected 1; observed 1.000000
[PASS] NASA_PCoE [recency] shift_to_end: undegraded ground truth at its ceiling (rank agreement 1): expected 1; observed 1.000000
[PASS] NASA_PCoE [recency] shift_to_end: undegraded ground truth at its ceiling (paired retrieval 1): expected 1; observed 1.000000
[PASS] NASA_PCoE [recency] smoothing: undegraded ground truth at its ceiling (rank agreement 1): expected 1; observed 1.000000
[PASS] NASA_PCoE [recency] smoothing: undegraded ground truth at its ceiling (paired retrieval 1): expected 1; observed 1.000000
[PASS] NASA_PCoE [recency]: fully permuted graded map scores at chance (rank): expected ~ chance -0.001; observed -0.002
[PASS] NASA_PCoE [recency]: fully permuted map scores at chance (paired retrieval): expected ~ chance 0.050; observed 0.048
[PASS] NASA_PCoE [recency] permuted_fraction: undegraded ground truth at its ceiling (rank agreement 1): expected 1; observed 1.000000
[PASS] NASA_PCoE [recency] permuted_fraction: undegraded ground truth at its ceiling (paired retrieval 1): expected 1; observed 1.000000
[PASS] NASA_PCoE [uniform] added_noise: undegraded ground truth at its ceiling (rank agreement 1): expected 1; observed 1.000000
[PASS] NASA_PCoE [uniform] added_noise: undegraded ground truth at its ceiling (paired retrieval 1): expected 1; observed 1.000000
[PASS] NASA_PCoE [uniform] shift_to_start: undegraded ground truth at its ceiling (rank agreement 1): expected 1; observed 1.000000
[PASS] NASA_PCoE [uniform] shift_to_start: undegraded ground truth at its ceiling (paired retrieval 1): expected 1; observed 1.000000
[PASS] NASA_PCoE [uniform] shift_to_end: undegraded ground truth at its ceiling (rank agreement 1): expected 1; observed 1.000000
[PASS] NASA_PCoE [uniform] shift_to_end: undegraded ground truth at its ceiling (paired retrieval 1): expected 1; observed 1.000000
[PASS] NASA_PCoE [uniform] smoothing: undegraded ground truth at its ceiling (rank agreement 1): expected 1; observed 1.000000
[PASS] NASA_PCoE [uniform] smoothing: undegraded ground truth at its ceiling (paired retrieval 1): expected 1; observed 1.000000
[PASS] NASA_PCoE [uniform]: fully permuted graded map scores at chance (rank): expected ~ chance 0.002; observed 0.001
[PASS] NASA_PCoE [uniform]: fully permuted map scores at chance (paired retrieval): expected ~ chance 0.035; observed 0.038
[PASS] NASA_PCoE [uniform] permuted_fraction: undegraded ground truth at its ceiling (rank agreement 1): expected 1; observed 1.000000
[PASS] NASA_PCoE [uniform] permuted_fraction: undegraded ground truth at its ceiling (paired retrieval 1): expected 1; observed 1.000000
[PASS] NASA_PCoE [final_position] added_noise: undegraded ground truth at its ceiling (rank agreement 1): expected 1; observed 1.000000
[PASS] NASA_PCoE [final_position] added_noise: undegraded ground truth at its ceiling (paired retrieval 1): expected 1; observed 1.000000
[PASS] NASA_PCoE [final_position] shift_to_start: undegraded ground truth at its ceiling (rank agreement 1): expected 1; observed 1.000000
[PASS] NASA_PCoE [final_position] shift_to_start: undegraded ground truth at its ceiling (paired retrieval 1): expected 1; observed 1.000000
[PASS] NASA_PCoE [final_position] shift_to_end: undegraded ground truth at its ceiling (rank agreement 1): expected 1; observed 1.000000
[PASS] NASA_PCoE [final_position] shift_to_end: undegraded ground truth at its ceiling (paired retrieval 1): expected 1; observed 1.000000
[PASS] NASA_PCoE [final_position] smoothing: undegraded ground truth at its ceiling (rank agreement 1): expected 1; observed 1.000000
[PASS] NASA_PCoE [final_position] smoothing: undegraded ground truth at its ceiling (paired retrieval 1): expected 1; observed 1.000000
[PASS] NASA_PCoE [final_position]: fully permuted graded map scores at chance (rank): expected ~ chance -0.004; observed 0.001
[PASS] NASA_PCoE [final_position]: fully permuted map scores at chance (paired retrieval): expected ~ chance 0.029; observed 0.007
[PASS] NASA_PCoE [final_position] permuted_fraction: undegraded ground truth at its ceiling (rank agreement 1): expected 1; observed 1.000000
[PASS] NASA_PCoE [final_position] permuted_fraction: undegraded ground truth at its ceiling (paired retrieval 1): expected 1; observed 1.000000
