/home/mmishchuk/projects/DegradX/.venv/lib/python3.12/site-packages/sklearn/isotonic.py:90: UserWarning: Confidence interval of the Spearman correlation coefficient spans zero. Determination of ``increasing`` may be suspect.
  warnings.warn(
[PASS] MATR: estimated/declared split matches paper §3.3 (E1-E7 only under estimated_from_data): expected ['E1_theta_distribution', 'E2_family_choice', 'E3_channel_mappings', 'E4_channel_covariance', 'E5_noise', 'E6_patterns', 'E7_length_distribution']; observed ['E1_theta_distribution', 'E2_family_choice', 'E3_channel_mappings', 'E4_channel_covariance', 'E5_noise', 'E6_patterns', 'E7_length_distribution']
[PASS] MATR: capacity mapping affine in z per unit (Eq. 3): expected < 1e-9 Ah; observed 0.00e+00
[PASS] MATR: phi_charge_time monotone on [0, 1]: expected monotone; observed True
[PASS] MATR: phi_mean_discharge_voltage monotone on [0, 1]: expected monotone; observed True
[PASS] MATR: phi_internal_resistance monotone on [0, 1]: expected monotone; observed True
[PASS] MATR: phi_temperature_mean monotone on [0, 1]: expected monotone; observed True
[PASS] MATR: fit residuals centred (|mean| <= 0.5 residual scale) in >= 90% of units: expected >= 0.90; observed 1.000
[PASS] MATR: theta not collapsing to bounds (units with any parameter at a bound <= 20%): expected <= 0.20; observed 0.022
[PASS] MATR: theta from >= 5 units reaching EOL (D02 minimum; else theta statistics void): expected >= 5; observed 90
[PASS] MATR: D05 enable rule evaluated for both types: expected evaluated; observed evaluated
[PASS] HUST: estimated/declared split matches paper §3.3 (E1-E7 only under estimated_from_data): expected ['E1_theta_distribution', 'E2_family_choice', 'E3_channel_mappings', 'E4_channel_covariance', 'E5_noise', 'E6_patterns', 'E7_length_distribution']; observed ['E1_theta_distribution', 'E2_family_choice', 'E3_channel_mappings', 'E4_channel_covariance', 'E5_noise', 'E6_patterns', 'E7_length_distribution']
[PASS] HUST: capacity mapping affine in z per unit (Eq. 3): expected < 1e-9 Ah; observed 1.11e-16
[PASS] HUST: phi_charge_time monotone on [0, 1]: expected monotone; observed True
[PASS] HUST: phi_mean_discharge_voltage monotone on [0, 1]: expected monotone; observed True
[PASS] HUST: fit residuals centred (|mean| <= 0.5 residual scale) in >= 90% of units: expected >= 0.90; observed 1.000
[PASS] HUST: theta not collapsing to bounds (units with any parameter at a bound <= 20%): expected <= 0.20; observed 0.000
[PASS] HUST: theta from >= 5 units reaching EOL (D02 minimum; else theta statistics void): expected >= 5; observed 54
[PASS] HUST: D05 enable rule evaluated for both types: expected evaluated; observed evaluated
[PASS] NASA_PCoE: estimated/declared split matches paper §3.3 (E1-E7 only under estimated_from_data): expected ['E1_theta_distribution', 'E2_family_choice', 'E3_channel_mappings', 'E4_channel_covariance', 'E5_noise', 'E6_patterns', 'E7_length_distribution']; observed ['E1_theta_distribution', 'E2_family_choice', 'E3_channel_mappings', 'E4_channel_covariance', 'E5_noise', 'E6_patterns', 'E7_length_distribution']
[PASS] NASA_PCoE: capacity mapping affine in z per unit (Eq. 3): expected < 1e-9 Ah; observed 2.91e-16
[PASS] NASA_PCoE: phi_charge_time monotone on [0, 1]: expected monotone; observed True
[PASS] NASA_PCoE: phi_mean_discharge_voltage monotone on [0, 1]: expected monotone; observed True
[PASS] NASA_PCoE: phi_temperature_mean monotone on [0, 1]: expected monotone; observed True
[PASS] NASA_PCoE: fit residuals centred (|mean| <= 0.5 residual scale) in >= 90% of units: expected >= 0.90; observed 1.000
[PASS] NASA_PCoE: theta not collapsing to bounds (units with any parameter at a bound <= 20%): expected <= 0.20; observed 0.125
[PASS] NASA_PCoE: theta from >= 5 units reaching EOL (D02 minimum; else theta statistics void): expected >= 5; observed 8
[PASS] NASA_PCoE: D05 enable rule evaluated for both types: expected evaluated; observed evaluated
