/home/mmishchuk/projects/DegradX/src/degradx/models/lstm.py:113: UserWarning: Converting a tensor with requires_grad=True to a scalar may lead to unexpected behavior.
Consider using tensor.detach() first. (Triggered internally at /__w/pytorch/pytorch/torch/csrc/autograd/generated/python_variable_methods.cpp:820.)
  tot += float(loss) * len(idx)
[PASS] NASA_PCoE [recency]: primary model reaches the accuracy gate (NRMSE <= 0.3): expected <= 0.3; observed 0.131
[PASS] NASA_PCoE [recency]: all 10 ensemble members pass the gate (identifiability floor requires it): expected 10/10; observed 10/10
[PASS] NASA_PCoE [recency]: permutation importance of null_flat <= 0.02 (upper 95% bound; leakage test): expected <= 0.02; observed 0.0022 [0.0009, 0.0041]
[PASS] NASA_PCoE [recency]: permutation importance of null_permuted <= 0.02 (upper 95% bound; leakage test): expected <= 0.02; observed 0.0015 [0.0006, 0.0026]
[PASS] NASA_PCoE [recency]: mean term removed increases error on y (95% CI > 0): expected CI > 0; observed 10.3046 [9.4298, 10.9013]
[WARN] NASA_PCoE [recency]: pattern term removed increases error on y (95% CI > 0): expected CI > 0; observed -0.0000 [-0.0004, 0.0003]
[WARN] NASA_PCoE [recency]: variance ratio of the two terms within the declared band [0.05, 0.5]: expected [0.05, 0.5]; observed 0.0004
[PASS] NASA_PCoE [recency]: graded/sparse correlation <= 0.3: expected <= 0.3; observed 0.074
[PASS] NASA_PCoE [uniform]: primary model reaches the accuracy gate (NRMSE <= 0.3): expected <= 0.3; observed 0.125
[PASS] NASA_PCoE [uniform]: all 10 ensemble members pass the gate (identifiability floor requires it): expected 10/10; observed 10/10
[PASS] NASA_PCoE [uniform]: permutation importance of null_flat <= 0.02 (upper 95% bound; leakage test): expected <= 0.02; observed 0.0004 [-0.0005, 0.0014]
[PASS] NASA_PCoE [uniform]: permutation importance of null_permuted <= 0.02 (upper 95% bound; leakage test): expected <= 0.02; observed 0.0011 [0.0005, 0.0021]
[PASS] NASA_PCoE [uniform]: mean term removed increases error on y (95% CI > 0): expected CI > 0; observed 8.2940 [7.3297, 8.9594]
[WARN] NASA_PCoE [uniform]: pattern term removed increases error on y (95% CI > 0): expected CI > 0; observed -0.0005 [-0.0011, 0.0000]
[WARN] NASA_PCoE [uniform]: variance ratio of the two terms within the declared band [0.05, 0.5]: expected [0.05, 0.5]; observed 0.0003
[PASS] NASA_PCoE [uniform]: graded/sparse correlation <= 0.3: expected <= 0.3; observed -0.030
[PASS] NASA_PCoE [final_position]: primary model reaches the accuracy gate (NRMSE <= 0.3): expected <= 0.3; observed 0.248
[PASS] NASA_PCoE [final_position]: all 10 ensemble members pass the gate (identifiability floor requires it): expected 10/10; observed 10/10
[PASS] NASA_PCoE [final_position]: permutation importance of null_flat <= 0.02 (upper 95% bound; leakage test): expected <= 0.02; observed -0.0002 [-0.0082, 0.0042]
[PASS] NASA_PCoE [final_position]: permutation importance of null_permuted <= 0.02 (upper 95% bound; leakage test): expected <= 0.02; observed -0.0020 [-0.0086, 0.0026]
[PASS] NASA_PCoE [final_position]: mean term removed increases error on y (95% CI > 0): expected CI > 0; observed 12.4332 [11.8624, 12.9581]
[WARN] NASA_PCoE [final_position]: pattern term removed increases error on y (95% CI > 0): expected CI > 0; observed -0.0030 [-0.0065, -0.0006]
[WARN] NASA_PCoE [final_position]: variance ratio of the two terms within the declared band [0.05, 0.5]: expected [0.05, 0.5]; observed 0.0024
[PASS] NASA_PCoE [final_position]: graded/sparse correlation <= 0.3: expected <= 0.3; observed 0.138
