[PASS] ISU_ILCC seed 0 [recency]: sum(phi*) == y on every window: expected < 1e-9 (relative); observed 0.00e+00 over 388277 windows
[PASS] ISU_ILCC seed 0 [recency]: g(x) - y == sum(w eps) on every window: expected < 1e-9; observed 1.03e-15
[PASS] ISU_ILCC seed 0 [recency]: mean over units of g(x) - y ~ 0: expected |mean| <= 3 SE; observed mean -1.341e-03, SE 2.070e-03
[FAIL] ISU_ILCC seed 0 [recency]: offset contribution Var(y_offset)/Var(y) <= 0.5 (brief §6 stop rule): expected <= 0.5; observed 0.773 (Var(y_offset)/Var(y_state) 2.838)
[PASS] ISU_ILCC seed 0 [uniform]: sum(phi*) == y on every window: expected < 1e-9 (relative); observed 0.00e+00 over 388277 windows
[PASS] ISU_ILCC seed 0 [uniform]: g(x) - y == sum(w eps) on every window: expected < 1e-9; observed 1.07e-15
[PASS] ISU_ILCC seed 0 [uniform]: mean over units of g(x) - y ~ 0: expected |mean| <= 3 SE; observed mean -1.302e-03, SE 2.062e-03
[FAIL] ISU_ILCC seed 0 [uniform]: offset contribution Var(y_offset)/Var(y) <= 0.5 (brief §6 stop rule): expected <= 0.5; observed 0.772 (Var(y_offset)/Var(y_state) 2.845)
[PASS] ISU_ILCC seed 0: unit at z = 0 with zero offsets, no patterns, no noise has y = 0: expected 0; observed 0.00e+00
[PASS] ISU_ILCC seed 0: E[eps_capacity] ~ 0: expected |mean| <= 3 SE over units; observed -0.011 noise SD (SE 0.013)
[PASS] ISU_ILCC seed 0: E[eps_charge_time] ~ 0: expected |mean| <= 3 SE over units; observed +0.003 noise SD (SE 0.018)
[PASS] ISU_ILCC seed 0: E[eps_mean_discharge_voltage] ~ 0: expected |mean| <= 3 SE over units; observed +0.024 noise SD (SE 0.029)
[PASS] ISU_ILCC seed 0: z starts at the pristine level and T is the first crossing of z = 1: expected z_1 <= 0.05; z_T >= 1 > z_{T-1}; observed max z_1 0.000; first crossing True
[PASS] ISU_ILCC seed 0: disabling patterns leaves z, T, R, mean and noise unchanged: expected identical; observed True
[WARN] ISU_ILCC seed 0: generated q1 shows the measured spread (IQR within 20% of the fitting units reaching EOL): expected 2.7 mAh +- 20%; observed 13.7 mAh
[PASS] ISU_ILCC seed 1 [recency]: sum(phi*) == y on every window: expected < 1e-9 (relative); observed 0.00e+00 over 389261 windows
[PASS] ISU_ILCC seed 1 [recency]: g(x) - y == sum(w eps) on every window: expected < 1e-9; observed 1.03e-15
[PASS] ISU_ILCC seed 1 [recency]: mean over units of g(x) - y ~ 0: expected |mean| <= 3 SE; observed mean -2.428e-03, SE 2.157e-03
[FAIL] ISU_ILCC seed 1 [recency]: offset contribution Var(y_offset)/Var(y) <= 0.5 (brief §6 stop rule): expected <= 0.5; observed 0.765 (Var(y_offset)/Var(y_state) 3.159)
[PASS] ISU_ILCC seed 1 [uniform]: sum(phi*) == y on every window: expected < 1e-9 (relative); observed 0.00e+00 over 389261 windows
[PASS] ISU_ILCC seed 1 [uniform]: g(x) - y == sum(w eps) on every window: expected < 1e-9; observed 1.09e-15
[PASS] ISU_ILCC seed 1 [uniform]: mean over units of g(x) - y ~ 0: expected |mean| <= 3 SE; observed mean -2.461e-03, SE 2.156e-03
[FAIL] ISU_ILCC seed 1 [uniform]: offset contribution Var(y_offset)/Var(y) <= 0.5 (brief §6 stop rule): expected <= 0.5; observed 0.764 (Var(y_offset)/Var(y_state) 3.164)
[PASS] ISU_ILCC seed 1: unit at z = 0 with zero offsets, no patterns, no noise has y = 0: expected 0; observed 0.00e+00
[PASS] ISU_ILCC seed 1: E[eps_capacity] ~ 0: expected |mean| <= 3 SE over units; observed -0.037 noise SD (SE 0.014)
[PASS] ISU_ILCC seed 1: E[eps_charge_time] ~ 0: expected |mean| <= 3 SE over units; observed +0.022 noise SD (SE 0.019)
[PASS] ISU_ILCC seed 1: E[eps_mean_discharge_voltage] ~ 0: expected |mean| <= 3 SE over units; observed +0.020 noise SD (SE 0.025)
[PASS] ISU_ILCC seed 1: z starts at the pristine level and T is the first crossing of z = 1: expected z_1 <= 0.05; z_T >= 1 > z_{T-1}; observed max z_1 0.000; first crossing True
[PASS] ISU_ILCC seed 1: disabling patterns leaves z, T, R, mean and noise unchanged: expected identical; observed True
[WARN] ISU_ILCC seed 1: generated q1 shows the measured spread (IQR within 20% of the fitting units reaching EOL): expected 2.7 mAh +- 20%; observed 11.0 mAh
[PASS] ISU_ILCC seed 2 [recency]: sum(phi*) == y on every window: expected < 1e-9 (relative); observed 0.00e+00 over 382357 windows
[PASS] ISU_ILCC seed 2 [recency]: g(x) - y == sum(w eps) on every window: expected < 1e-9; observed 1.05e-15
[PASS] ISU_ILCC seed 2 [recency]: mean over units of g(x) - y ~ 0: expected |mean| <= 3 SE; observed mean 1.925e-03, SE 2.170e-03
[FAIL] ISU_ILCC seed 2 [recency]: offset contribution Var(y_offset)/Var(y) <= 0.5 (brief §6 stop rule): expected <= 0.5; observed 0.823 (Var(y_offset)/Var(y_state) 3.473)
[PASS] ISU_ILCC seed 2 [uniform]: sum(phi*) == y on every window: expected < 1e-9 (relative); observed 0.00e+00 over 382357 windows
[PASS] ISU_ILCC seed 2 [uniform]: g(x) - y == sum(w eps) on every window: expected < 1e-9; observed 1.03e-15
[PASS] ISU_ILCC seed 2 [uniform]: mean over units of g(x) - y ~ 0: expected |mean| <= 3 SE; observed mean 2.025e-03, SE 2.177e-03
[FAIL] ISU_ILCC seed 2 [uniform]: offset contribution Var(y_offset)/Var(y) <= 0.5 (brief §6 stop rule): expected <= 0.5; observed 0.823 (Var(y_offset)/Var(y_state) 3.483)
[PASS] ISU_ILCC seed 2: unit at z = 0 with zero offsets, no patterns, no noise has y = 0: expected 0; observed 0.00e+00
[PASS] ISU_ILCC seed 2: E[eps_capacity] ~ 0: expected |mean| <= 3 SE over units; observed +0.007 noise SD (SE 0.012)
[PASS] ISU_ILCC seed 2: E[eps_charge_time] ~ 0: expected |mean| <= 3 SE over units; observed -0.009 noise SD (SE 0.020)
[PASS] ISU_ILCC seed 2: E[eps_mean_discharge_voltage] ~ 0: expected |mean| <= 3 SE over units; observed -0.026 noise SD (SE 0.026)
[PASS] ISU_ILCC seed 2: z starts at the pristine level and T is the first crossing of z = 1: expected z_1 <= 0.05; z_T >= 1 > z_{T-1}; observed max z_1 0.000; first crossing True
[PASS] ISU_ILCC seed 2: disabling patterns leaves z, T, R, mean and noise unchanged: expected identical; observed True
[WARN] ISU_ILCC seed 2: generated q1 shows the measured spread (IQR within 20% of the fitting units reaching EOL): expected 2.7 mAh +- 20%; observed 12.7 mAh
[PASS] ISU_ILCC: X3 construction - within-unit correlation of generated noise (mean over seeds) within 0.05 of the fitted rho_bar: expected <= 0.05; observed max |delta r| 0.019 (pooled comparison 0.040; implied-by-construction gap 0.035)
[WARN] ISU_ILCC: S3/V3 estimator on generated observations recovers the fitted residual correlation within 0.05 (reported): expected <= 0.05; observed max |delta r| 0.231
