/home/mmishchuk/projects/DegradX/.venv/lib/python3.12/site-packages/scipy/stats/_resampling.py:155: RuntimeWarning: invalid value encountered in scalar divide
  a_hat = 1/6 * sum(nums) / sum(dens)**(3/2)
/home/mmishchuk/projects/DegradX/.venv/lib/python3.12/site-packages/scipy/_lib/_util.py:365: DegenerateDataWarning: The BCa confidence interval cannot be calculated. This problem is known to occur when the distribution is degenerate or the statistic is np.min.
  return fun(*args, **kwargs)
/home/mmishchuk/projects/DegradX/.venv/lib/python3.12/site-packages/scipy/stats/_resampling.py:155: RuntimeWarning: invalid value encountered in scalar divide
  a_hat = 1/6 * sum(nums) / sum(dens)**(3/2)
/home/mmishchuk/projects/DegradX/.venv/lib/python3.12/site-packages/scipy/_lib/_util.py:365: DegenerateDataWarning: The BCa confidence interval cannot be calculated. This problem is known to occur when the distribution is degenerate or the statistic is np.min.
  return fun(*args, **kwargs)
[PASS] MATR [recency]: integrated_gradients on the reference model equals w(x - x0) (correctness check): expected <= 1e-4 x max|w(x - x0)|; observed 1.13e-08 (max|exact| 0.0515)
[PASS] MATR [recency]: feature_occlusion on the reference model equals w(x - x0) (correctness check): expected <= 1e-4 x max|w(x - x0)|; observed 1.10e-07 (max|exact| 0.0515)
[PASS] MATR [recency]: TimeSHAP seed 0 on the reference model reproduces w(x - x0) (sampled Shapley with l1_reg auto; reported): expected <= 1e-2 x max|w(x - x0)|; observed 1.64e-05 (max|exact| 0.0515)
[PASS] MATR [recency]: TimeSHAP seed 1 on the reference model reproduces w(x - x0) (sampled Shapley with l1_reg auto; reported): expected <= 1e-2 x max|w(x - x0)|; observed 1.64e-05 (max|exact| 0.0515)
[PASS] MATR [recency]: TimeSHAP seed 2 on the reference model reproduces w(x - x0) (sampled Shapley with l1_reg auto; reported): expected <= 1e-2 x max|w(x - x0)|; observed 1.77e-05 (max|exact| 0.0515)
[PASS] MATR [uniform]: integrated_gradients on the reference model equals w(x - x0) (correctness check): expected <= 1e-4 x max|w(x - x0)|; observed 4.13e-09 (max|exact| 0.0185)
[PASS] MATR [uniform]: feature_occlusion on the reference model equals w(x - x0) (correctness check): expected <= 1e-4 x max|w(x - x0)|; observed 1.00e-07 (max|exact| 0.0185)
[PASS] MATR [uniform]: TimeSHAP seed 0 on the reference model reproduces w(x - x0) (sampled Shapley with l1_reg auto; reported): expected <= 1e-2 x max|w(x - x0)|; observed 1.57e-05 (max|exact| 0.0185)
[PASS] MATR [uniform]: TimeSHAP seed 1 on the reference model reproduces w(x - x0) (sampled Shapley with l1_reg auto; reported): expected <= 1e-2 x max|w(x - x0)|; observed 1.57e-05 (max|exact| 0.0185)
[PASS] MATR [uniform]: TimeSHAP seed 2 on the reference model reproduces w(x - x0) (sampled Shapley with l1_reg auto; reported): expected <= 1e-2 x max|w(x - x0)|; observed 1.57e-05 (max|exact| 0.0185)
[PASS] MATR: all declared TimeSHAP jobs present: expected all; observed all
[PASS] HUST [recency]: integrated_gradients on the reference model equals w(x - x0) (correctness check): expected <= 1e-4 x max|w(x - x0)|; observed 7.50e-08 (max|exact| 0.0829)
[PASS] HUST [recency]: feature_occlusion on the reference model equals w(x - x0) (correctness check): expected <= 1e-4 x max|w(x - x0)|; observed 1.78e-07 (max|exact| 0.0829)
[PASS] HUST [recency]: TimeSHAP seed 0 on the reference model reproduces w(x - x0) (sampled Shapley with l1_reg auto; reported): expected <= 1e-2 x max|w(x - x0)|; observed 2.10e-05 (max|exact| 0.0829)
[PASS] HUST [recency]: TimeSHAP seed 1 on the reference model reproduces w(x - x0) (sampled Shapley with l1_reg auto; reported): expected <= 1e-2 x max|w(x - x0)|; observed 2.49e-05 (max|exact| 0.0829)
[PASS] HUST [recency]: TimeSHAP seed 2 on the reference model reproduces w(x - x0) (sampled Shapley with l1_reg auto; reported): expected <= 1e-2 x max|w(x - x0)|; observed 2.47e-05 (max|exact| 0.0829)
[PASS] HUST [uniform]: integrated_gradients on the reference model equals w(x - x0) (correctness check): expected <= 1e-4 x max|w(x - x0)|; observed 2.88e-08 (max|exact| 0.0297)
[PASS] HUST [uniform]: feature_occlusion on the reference model equals w(x - x0) (correctness check): expected <= 1e-4 x max|w(x - x0)|; observed 1.81e-07 (max|exact| 0.0297)
[PASS] HUST [uniform]: TimeSHAP seed 0 on the reference model reproduces w(x - x0) (sampled Shapley with l1_reg auto; reported): expected <= 1e-2 x max|w(x - x0)|; observed 1.59e-05 (max|exact| 0.0297)
[PASS] HUST [uniform]: TimeSHAP seed 1 on the reference model reproduces w(x - x0) (sampled Shapley with l1_reg auto; reported): expected <= 1e-2 x max|w(x - x0)|; observed 1.59e-05 (max|exact| 0.0297)
[PASS] HUST [uniform]: TimeSHAP seed 2 on the reference model reproduces w(x - x0) (sampled Shapley with l1_reg auto; reported): expected <= 1e-2 x max|w(x - x0)|; observed 1.59e-05 (max|exact| 0.0297)
[PASS] HUST: all declared TimeSHAP jobs present: expected all; observed all
