[v8] bench {'workers': 1, 'device': 'cpu', 'chunk': 4096, 'windows': 8, 'wall_s': 66.39013352594338, 'windows_per_hour': 433.8038236761353, 'mean_window_s': 8.197174865636043, 'ideal_windows_per_hour': 439.175698824215}
[v8] bench {'workers': 2, 'device': 'cpu', 'chunk': 4096, 'windows': 8, 'wall_s': 38.85963276587427, 'windows_per_hour': 741.1456324328287, 'mean_window_s': 8.55678187328158, 'ideal_windows_per_hour': 841.437833361382}
[v8] bench {'workers': 4, 'device': 'cpu', 'chunk': 4096, 'windows': 16, 'wall_s': 48.162818427197635, 'windows_per_hour': 1195.9681079868378, 'mean_window_s': 9.909035213655443, 'ideal_windows_per_hour': 1453.2191771965497}
[v8] bench {'workers': 6, 'device': 'cpu', 'chunk': 4096, 'windows': 24, 'wall_s': 54.515917688841, 'windows_per_hour': 1584.8925841506182, 'mean_window_s': 10.186695566226263, 'ideal_windows_per_hour': 2120.412832559193}
[v8] bench {'workers': 8, 'device': 'cpu', 'chunk': 4096, 'windows': 32, 'wall_s': 66.03332660114393, 'windows_per_hour': 1744.607366756612, 'mean_window_s': 11.94114711178554, 'ideal_windows_per_hour': 2411.828589865985}
[v8] bench {'workers': 12, 'device': 'cpu', 'chunk': 4096, 'windows': 48, 'wall_s': 89.44214713387191, 'windows_per_hour': 1932.442504668672, 'mean_window_s': 15.0929211681796, 'ideal_windows_per_hour': 2862.2689748806574}
[v8] bench {'workers': 1, 'device': 'cuda', 'chunk': 4096, 'windows': 8, 'wall_s': 51.191719646099955, 'windows_per_hour': 562.7263709816743, 'mean_window_s': 6.380424336501164, 'ideal_windows_per_hour': 564.2257959874395}
[v8] bench {'workers': 2, 'device': 'cuda', 'chunk': 4096, 'windows': 8, 'wall_s': 32.32388436305337, 'windows_per_hour': 891.0053927299724, 'mean_window_s': 6.654998579528183, 'ideal_windows_per_hour': 1081.8935442222823}
[v8] bench {'workers': 4, 'device': 'cuda', 'chunk': 4096, 'windows': 16, 'wall_s': 39.96043485403061, 'windows_per_hour': 1441.589614305558, 'mean_window_s': 7.672995724045904, 'ideal_windows_per_hour': 1876.7115893043929}
[v8] bench {'workers': 6, 'device': 'cuda', 'chunk': 4096, 'windows': 24, 'wall_s': 45.991263621952385, 'windows_per_hour': 1878.6781063726664, 'mean_window_s': 7.898353527746319, 'ideal_windows_per_hour': 2734.7471753601344}
[W1008 11:24:32.209642096 CUDACachingAllocator.cpp:3934] memory allocation failed with OOM on device 0 while trying to allocate 566231040 bytes (free: 260833280, total: 6027083776).
[W1008 11:24:32.209791276 CUDACachingAllocator.cpp:3934] memory allocation failed with OOM on device 0 while trying to allocate 566231040 bytes (free: 260833280, total: 6027083776).
[W1008 11:24:32.220913120 CUDACachingAllocator.cpp:3934] memory allocation failed with OOM on device 0 while trying to allocate 566231040 bytes (free: 235667456, total: 6027083776).
[W1008 11:24:32.221048304 CUDACachingAllocator.cpp:3934] memory allocation failed with OOM on device 0 while trying to allocate 566231040 bytes (free: 235667456, total: 6027083776).
[v8] bench {'workers': 8, 'device': 'cuda', 'chunk': 4096, 'windows': 32, 'error': 'OutOfMemoryError: CUDA out of memory. Tried to allocate 540.00 MiB. GPU 0 has a total capacity of 5.61 GiB of which 224.75 MiB is free. Process 7806 has 2.93 MiB memory in use. P', 'windows_per_hour': None, 'mean_window_s': None, 'ideal_windows_per_hour': None}
[v8] bench {'workers': 8, 'device': 'cpu', 'chunk': 1024, 'windows': 32, 'wall_s': 62.382757579907775, 'windows_per_hour': 1846.8068199279537, 'mean_window_s': 11.218851299694506, 'ideal_windows_per_hour': 2567.107739522694}
[v8] bench {'workers': 8, 'device': 'cpu', 'chunk': 16384, 'windows': 32, 'wall_s': 71.44554066821001, 'windows_per_hour': 1612.4508095034118, 'mean_window_s': 13.363123054165044, 'ideal_windows_per_hour': 2155.18482343269}
[v8] bench {'workers': 8, 'device': 'cpu', 'chunk': 32768, 'windows': 32, 'wall_s': 73.12295861891471, 'windows_per_hour': 1575.4569812284285, 'mean_window_s': 13.721343393168354, 'ideal_windows_per_hour': 2098.9198487911235}
[v8] bench {'workers': 6, 'device': 'cuda', 'chunk': 1024, 'windows': 24, 'wall_s': 46.61646548914723, 'windows_per_hour': 1853.4751755938285, 'mean_window_s': 8.223693466949044, 'ideal_windows_per_hour': 2626.5570435972863}
[W1008 11:29:04.500304304 CUDACachingAllocator.cpp:3934] memory allocation failed with OOM on device 0 while trying to allocate 2210398208 bytes (free: 1494614016, total: 6027083776).
[W1008 11:29:04.500464034 CUDACachingAllocator.cpp:3934] memory allocation failed with OOM on device 0 while trying to allocate 2210398208 bytes (free: 1494614016, total: 6027083776).
[W1008 11:29:04.512469078 CUDACachingAllocator.cpp:3934] memory allocation failed with OOM on device 0 while trying to allocate 2210398208 bytes (free: 1251344384, total: 6027083776).
[W1008 11:29:04.512481311 CUDACachingAllocator.cpp:3934] memory allocation failed with OOM on device 0 while trying to allocate 2210398208 bytes (free: 1251344384, total: 6027083776).
[W1008 11:29:04.512712235 CUDACachingAllocator.cpp:3934] memory allocation failed with OOM on device 0 while trying to allocate 2210398208 bytes (free: 1251344384, total: 6027083776).
[W1008 11:29:04.512721001 CUDACachingAllocator.cpp:3934] memory allocation failed with OOM on device 0 while trying to allocate 2210398208 bytes (free: 1251344384, total: 6027083776).
[v8] bench {'workers': 6, 'device': 'cuda', 'chunk': 16384, 'windows': 24, 'error': 'OutOfMemoryError: CUDA out of memory. Tried to allocate 2.06 GiB. GPU 0 has a total capacity of 5.61 GiB of which 1.39 GiB is free. Process 7806 has 2.93 MiB memory in use. Proce', 'windows_per_hour': None, 'mean_window_s': None, 'ideal_windows_per_hour': None}
[W1008 11:29:22.838835353 CUDACachingAllocator.cpp:3934] memory allocation failed with OOM on device 0 while trying to allocate 4299161600 bytes (free: 3776315392, total: 6027083776).
[W1008 11:29:22.839092737 CUDACachingAllocator.cpp:3934] memory allocation failed with OOM on device 0 while trying to allocate 4299161600 bytes (free: 3776315392, total: 6027083776).
[v8] bench {'workers': 6, 'device': 'cuda', 'chunk': 32768, 'windows': 24, 'error': 'OutOfMemoryError: CUDA out of memory. Tried to allocate 4.00 GiB. GPU 0 has a total capacity of 5.61 GiB of which 3.52 GiB is free. Process 7806 has 2.93 MiB memory in use. Proce', 'windows_per_hour': None, 'mean_window_s': None, 'ideal_windows_per_hour': None}
